Microchip MPLAB XC8 Compiler V1.45 ()

Linker command line:

-W-3 --edf=C:\Program Files (x86)\Microchip\xc8\v1.45\dat\en_msgs.txt -cs \
  -h+dist/default/production\LearnToSolder2018.X.production.sym \
  --cmf=dist/default/production\LearnToSolder2018.X.production.cmf -z \
  -Q12F1572 -oC:\Users\BRIANS~1\AppData\Local\Temp\spdk.2 \
  -Mdist/default/production/LearnToSolder2018.X.production.map -E1 -ver=XC8 \
  -ASTACK=02060h-020efh -pstack=STACK -ACODE=00h-07FFh -ASTRCODE=00h-07FFh \
  -ASTRING=00h-0FFhx8 -ACONST=00h-0FFhx8 -AENTRY=00h-0FFhx8 \
  -ACOMMON=070h-07Fh -ABANK0=020h-06Fh -ABANK1=0A0h-0EFh \
  -ABANK2=0120h-016Fh -ABIGRAM=02000h-020EFh \
  -ARAM=020h-06Fh,0A0h-0EFh,0120h-016Fh \
  -AABS1=020h-07Fh,0A0h-0EFh,0120h-016Fh -ASFR0=00h-01Fh -ASFR1=080h-09Fh \
  -ASFR2=0100h-011Fh -ASFR3=0180h-01EFh -ASFR4=0200h-026Fh \
  -ASFR5=0280h-02EFh -ASFR6=0300h-036Fh -ASFR7=0380h-03EFh \
  -ASFR8=0400h-046Fh -ASFR9=0480h-04EFh -ASFR10=0500h-056Fh \
  -ASFR11=0580h-05EFh -ASFR12=0600h-066Fh -ASFR13=0680h-06EFh \
  -ASFR14=0700h-076Fh -ASFR15=0780h-07EFh -ASFR16=0800h-086Fh \
  -ASFR17=0880h-08EFh -ASFR18=0900h-096Fh -ASFR19=0980h-09EFh \
  -ASFR20=0A00h-0A6Fh -ASFR21=0A80h-0AEFh -ASFR22=0B00h-0B6Fh \
  -ASFR23=0B80h-0BEFh -ASFR24=0C00h-0C6Fh -ASFR25=0C80h-0CEFh \
  -ASFR26=0D00h-0D6Fh -ASFR27=0D80h-0DEFh -ASFR28=0E00h-0E6Fh \
  -ASFR29=0E80h-0EEFh -ASFR30=0F00h-0F6Fh -ASFR31=0F80h-0FEFh \
  -preset_vec=00h,intentry=04h,init,end_init -ppowerup=CODE -pcinit=CODE \
  -pfunctab=ENTRY -ACONFIG=08007h-08008h -pconfig=CONFIG -DCONFIG=2 \
  -AIDLOC=08000h-08003h -pidloc=IDLOC -DIDLOC=2 -DCODE=2 -DSTRCODE=2 \
  -DSTRING=2 -DCONST=2 -DENTRY=2 -k \
  C:\Users\BRIANS~1\AppData\Local\Temp\spdk.obj \
  dist/default/production\LearnToSolder2018.X.production.obj 

Object code version is 3.11

Machine type is 12F1572



                Name                               Link     Load   Length Selector   Space Scale
C:\Users\BRIANS~1\AppData\Local\Temp\spdk.obj
                end_init                             17       17        1        8       0
                reset_vec                             0        0        1        0       0
                idloc                              8000     8000        4    10000       0
                config                             8007     8007        2    1000E       0
dist/default/production\LearnToSolder2018.X.production.obj
                cinit                                18       18       21        8       0
                intentry                              4        4       13        8       0
                text30                              663      663        1      BDE       0
                text29                              5B8      5B8        D        8       0
                text28                              662      662        1      BDE       0
                text27                              5AB      5AB        D        8       0
                text26                              5EF      5EF        9      BDE       0
                text25                              453      453       63        8       0
                text24                              5DB      5DB        B      BB6       0
                text23                              64B      64B        6      BDE       0
                text21                              610      610        8      BDE       0
                text20                              626      626        7      BDE       0
                text19                              608      608        8      BDE       0
                text18                              61F      61F        7      BDE       0
                text17                              38E      38E       C5        8       0
                text16                              600      600        8      BDE       0
                text15                              5F8      5F8        8      BDE       0
                swtext3                             5E6      5E6        9      BCC       0
                text14                               39       39      18D        8       0
                text13                              517      517       35        8       0
                text12                              570      570       1C        8       0
                swtext2                             5D0      5D0        B      B8A       0
                text11                              2AA      2AA       E4        8       0
                swtext1                             5C5      5C5        B      B8A       0
                text10                              1C6      1C6       E4        8       0
                text9                               618      618        7      BDE       0
                text8                               645      645        6      BDE       0
                text7                               63F      63F        6      BDE       0
                text6                               54C      54C       24        8       0
                text5                               59C      59C        F        8       0
                text4                               65B      65B        4      BDE       0
                text3                               656      656        5      BDE       0
                text2                               65F      65F        3      BDE       0
                text1                               639      639        6      BDE       0
                maintext                            4B6      4B6       61        8       0
                cstackBANK0                          52       52       10       20       1
                cstackCOMMON                         70       70        6       70       1
                clrtext                             633      633        6      BDE       0
                inittext                            62D      62D        6      BDE       0
                dataBANK1                            A0       A0       10       A0       1
                dataBANK0                            69       69        5       20       1
                bssBANK0                             20       20       32       20       1
                bssCOMMON                            76       76        4       70       1
                nvBANK0                              62       62        7       20       1
                idataBANK1                          58C      58C       10        8       0
                idataBANK0                          651      651        5      BDE       0

TOTAL           Name                               Link     Load   Length     Space
        CLASS   STACK          

        CLASS   CODE           
                end_init                             17       17        1         0
                cinit                                18       18       21         0
                intentry                              4        4       13         0
                reset_vec                             0        0        1         0
                text30                              663      663        1         0
                text29                              5B8      5B8        D         0
                text28                              662      662        1         0
                text27                              5AB      5AB        D         0
                text26                              5EF      5EF        9         0
                text25                              453      453       63         0
                text24                              5DB      5DB        B         0
                text23                              64B      64B        6         0
                text21                              610      610        8         0
                text20                              626      626        7         0
                text19                              608      608        8         0
                text18                              61F      61F        7         0
                text17                              38E      38E       C5         0
                text16                              600      600        8         0
                text15                              5F8      5F8        8         0
                text14                               39       39      18D         0
                text13                              517      517       35         0
                text12                              570      570       1C         0
                text11                              2AA      2AA       E4         0
                text10                              1C6      1C6       E4         0
                text9                               618      618        7         0
                text8                               645      645        6         0
                text7                               63F      63F        6         0
                text6                               54C      54C       24         0
                text5                               59C      59C        F         0
                text4                               65B      65B        4         0
                text3                               656      656        5         0
                text2                               65F      65F        3         0
                text1                               639      639        6         0
                maintext                            4B6      4B6       61         0
                clrtext                             633      633        6         0
                inittext                            62D      62D        6         0
                idataBANK1                          58C      58C       10         0
                idataBANK0                          651      651        5         0

        CLASS   STRCODE        

        CLASS   STRING         

        CLASS   CONST          
                swtext3                             5E6      5E6        9         0
                swtext2                             5D0      5D0        B         0
                swtext1                             5C5      5C5        B         0

        CLASS   ENTRY          

        CLASS   COMMON         
                cstackCOMMON                         70       70        6         1
                bssCOMMON                            76       76        4         1

        CLASS   BANK0          
                cstackBANK0                          52       52       10         1
                dataBANK0                            69       69        5         1
                bssBANK0                             20       20       32         1
                nvBANK0                              62       62        7         1

        CLASS   BANK1          
                dataBANK1                            A0       A0       10         1

        CLASS   BANK2          

        CLASS   BIGRAM         

        CLASS   RAM            

        CLASS   ABS1           
                abs_s1                               7E       7E        2         1

        CLASS   SFR0           

        CLASS   SFR1           

        CLASS   SFR2           

        CLASS   SFR3           

        CLASS   SFR4           

        CLASS   SFR5           

        CLASS   SFR6           

        CLASS   SFR7           

        CLASS   SFR8           

        CLASS   SFR9           

        CLASS   SFR10          

        CLASS   SFR11          

        CLASS   SFR12          

        CLASS   SFR13          

        CLASS   SFR14          

        CLASS   SFR15          

        CLASS   SFR16          

        CLASS   SFR17          

        CLASS   SFR18          

        CLASS   SFR19          

        CLASS   SFR20          

        CLASS   SFR21          

        CLASS   SFR22          

        CLASS   SFR23          

        CLASS   SFR24          

        CLASS   SFR25          

        CLASS   SFR26          

        CLASS   SFR27          

        CLASS   SFR28          

        CLASS   SFR29          

        CLASS   SFR30          

        CLASS   SFR31          

        CLASS   CONFIG         
                config                             8007     8007        2         0

        CLASS   IDLOC          
                idloc                              8000     8000        4         0

        CLASS   BANK31         

        CLASS   BANK30         

        CLASS   BANK29         

        CLASS   BANK28         

        CLASS   BANK27         

        CLASS   BANK26         

        CLASS   BANK25         

        CLASS   BANK24         

        CLASS   BANK23         

        CLASS   BANK22         

        CLASS   BANK21         

        CLASS   BANK20         

        CLASS   BANK19         

        CLASS   BANK18         

        CLASS   BANK17         

        CLASS   BANK16         

        CLASS   BANK15         

        CLASS   BANK14         

        CLASS   BANK13         

        CLASS   BANK12         

        CLASS   BANK11         

        CLASS   BANK10         

        CLASS   BANK9          

        CLASS   BANK8          

        CLASS   BANK7          

        CLASS   BANK6          

        CLASS   BANK5          

        CLASS   BANK4          

        CLASS   BANK3          

        CLASS   EEDATA         



SEGMENTS        Name                           Load    Length   Top    Selector   Space  Class     Delta

                reset_vec                      000000  000001  000001         0       0  CODE        2
                intentry                       000004  0005C1  0005C5         8       0  CODE        2
                bssBANK0                       000020  00004E  00006E        20       1  BANK0       1
                cstackCOMMON                   000070  00000A  00007A        70       1  COMMON      1
                dataBANK1                      0000A0  000010  0000B0        A0       1  BANK1       1
                swtext1                        0005C5  000016  0005DB       B8A       0  CONST       2
                text24                         0005DB  00000B  0005E6       BB6       0  CODE        2
                swtext3                        0005E6  000009  0005EF       BCC       0  CONST       2
                text26                         0005EF  000075  000664       BDE       0  CODE        2
                idloc                          008000  000004  008004     10000       0  IDLOC       2
                config                         008007  000002  008009     1000E       0  CONFIG      2


UNUSED ADDRESS RANGES

        Name                Unused          Largest block    Delta
        BANK0            0006E-0006F               2           1
        BANK1            000B0-000EF              40           1
        BANK2            00120-0016F              50           1
        BIGRAM           02000-020EF              F0           1
        CODE             00001-00003               3           2
                         00664-007FF             19C
        COMMON           0007A-0007D               4           1
        CONST            00001-00003               3           2
                         00664-007FF              9C
        ENTRY            00001-00003               3           2
                         00664-007FF              9C
        RAM              0006E-0006F               2           1
                         000B0-000EF              40
                         00120-0016F              50
        SFR0             00000-0001F              20           1
        SFR1             00080-0009F              20           1
        SFR10            00500-0056F              70           1
        SFR11            00580-005EF              70           1
        SFR12            00600-0066F              70           1
        SFR13            00680-006EF              70           1
        SFR14            00700-0076F              70           1
        SFR15            00780-007EF              70           1
        SFR16            00800-0086F              70           1
        SFR17            00880-008EF              70           1
        SFR18            00900-0096F              70           1
        SFR19            00980-009EF              70           1
        SFR2             00100-0011F              20           1
        SFR20            00A00-00A6F              70           1
        SFR21            00A80-00AEF              70           1
        SFR22            00B00-00B6F              70           1
        SFR23            00B80-00BEF              70           1
        SFR24            00C00-00C6F              70           1
        SFR25            00C80-00CEF              70           1
        SFR26            00D00-00D6F              70           1
        SFR27            00D80-00DEF              70           1
        SFR28            00E00-00E6F              70           1
        SFR29            00E80-00EEF              70           1
        SFR3             00180-001EF              70           1
        SFR30            00F00-00F6F              70           1
        SFR31            00F80-00FEF              70           1
        SFR4             00200-0026F              70           1
        SFR5             00280-002EF              70           1
        SFR6             00300-0036F              70           1
        SFR7             00380-003EF              70           1
        SFR8             00400-0046F              70           1
        SFR9             00480-004EF              70           1
        STACK            02060-020EF              90           1
        STRCODE          00001-00003               3           2
                         00664-007FF             19C
        STRING           00001-00003               3           2
                         00664-007FF              9C

                                  Symbol Table

?___lwdiv                                      cstackBANK0  00056
?___wmul                                       cstackBANK0  00052
CheckForButtonPushes@LastLeftButtonState       bssBANK0     0004E
CheckForButtonPushes@LastRightButtonState      bssBANK0     0004D
CheckForButtonPushes@LeftButtonQuickPressCount bssBANK0     0004C
IOCAF2_SetInterruptHandler@InterruptHandler    cstackCOMMON 00074
IOCAF3_SetInterruptHandler@InterruptHandler    cstackCOMMON 00074
RunGame@last_button_press_time                 bssBANK0     0003C
RunGame@next_decrement_time                    bssBANK0     00038
RunGame@num_leds_lit                           dataBANK0    0006D
RunLeftFlash@left_delay                        dataBANK0    00069
RunRightFlash@right_delay                      dataBANK0    0006B
SetLEDOff@LED                                  cstackCOMMON 00075
SetLEDOn@LED                                   cstackCOMMON 00075
TMR0_Callback@i                                cstackCOMMON 00072
TMR0_SetInterruptHandler@InterruptHandler      cstackCOMMON 00074
_ANSELA                                        (abs)        0018C
_APFCON                                        (abs)        0011D
_BORCON                                        (abs)        00116
_CheckForButtonPushes                          text17       0038E
_CheckForButtonPushes$440                      cstackCOMMON 00074
_INTCONbits                                    (abs)        0000B
_INTERRUPT_InterruptManager                    intentry     00004
_IOCAF2_DefaultInterruptHandler                text30       00663
_IOCAF2_ISR                                    text29       005B8
_IOCAF2_InterruptHandler                       nvBANK0      00066
_IOCAF2_SetInterruptHandler                    text8        00645
_IOCAF3_DefaultInterruptHandler                text28       00662
_IOCAF3_ISR                                    text27       005AB
_IOCAF3_InterruptHandler                       nvBANK0      00064
_IOCAF3_SetInterruptHandler                    text7        0063F
_IOCAFbits                                     (abs)        00393
_IOCANbits                                     (abs)        00392
_IOCAPbits                                     (abs)        00391
_LATA                                          (abs)        0010C
_LEDOns                                        bssBANK0     00050
_LEDState                                      bssBANK0     00051
_LastLeftButtonPressTime                       bssBANK0     00040
_LastRightButtonPressTime                      bssBANK0     00044
_LeftButtonPressed                             text21       00610
_LeftButtonPressedRaw                          text20       00626
_LeftButtonState                               bssCOMMON    00077
_LeftDebounceTimer                             bssCOMMON    00079
_ODCONA                                        (abs)        0028C
_OPTION_REG                                    (abs)        00095
_OPTION_REGbits                                (abs)        00095
_OSCCON                                        (abs)        00099
_OSCILLATOR_Initialize                         text9        00618
_OSCTUNE                                       (abs)        00098
_PIN_MANAGER_IOC                               text26       005EF
_PIN_MANAGER_Initialize                        text6        0054C
_PORTA                                         (abs)        0000C
_PORTAbits                                     (abs)        0000C
_PORTTable                                     dataBANK1    000A0
_PatternDelay                                  bssBANK0     00020
_PatternState                                  bssBANK0     00030
_RightButtonPressed                            text19       00608
_RightButtonPressedRaw                         text18       0061F
_RightButtonState                              bssCOMMON    00076
_RightDebounceTimer                            bssCOMMON    00078
_RunGame                                       text14       00039
_RunLeftFlash                                  text11       002AA
_RunRightFlash                                 text10       001C6
_SYSTEM_Initialize                             text3        00656
_SetAllLEDsOff                                 text2        0065F
_SetLEDOff                                     text16       00600
_SetLEDOn                                      text15       005F8
_ShutdownDelayTimer                            bssBANK0     0004F
_TMR0                                          (abs)        00015
_TMR0_CallBack                                 text24       005DB
_TMR0_Callback                                 text25       00453
_TMR0_ISR                                      text23       0064B
_TMR0_Initialize                               text5        0059C
_TMR0_InterruptHandler                         nvBANK0      00062
_TMR0_SetInterruptHandler                      text1        00639
_TRISA                                         (abs)        0008C
_TRISTable                                     dataBANK1    000A8
_VREGCONbits                                   (abs)        00197
_WDTCON                                        (abs)        00097
_WDT_Initialize                                text4        0065B
_WPUA                                          (abs)        0020C
_WakeTimer                                     bssBANK0     00048
__CFG_BOREN$OFF                                (abs)        00000
__CFG_BORV$LO                                  (abs)        00000
__CFG_CLKOUTEN$OFF                             (abs)        00000
__CFG_CP$OFF                                   (abs)        00000
__CFG_FOSC$INTOSC                              (abs)        00000
__CFG_LPBOREN$OFF                              (abs)        00000
__CFG_LVP$OFF                                  (abs)        00000
__CFG_MCLRE$OFF                                (abs)        00000
__CFG_PLLEN$OFF                                (abs)        00000
__CFG_PWRTE$OFF                                (abs)        00000
__CFG_STVREN$ON                                (abs)        00000
__CFG_WDTE$OFF                                 (abs)        00000
__CFG_WRT$OFF                                  (abs)        00000
__Habs1                                        abs1         10008
__Hbank0                                       bank0        10008
__Hbank1                                       bank1        10008
__Hbank10                                      bank10       10008
__Hbank11                                      bank11       10008
__Hbank12                                      bank12       10008
__Hbank13                                      bank13       10008
__Hbank14                                      bank14       10008
__Hbank15                                      bank15       10008
__Hbank16                                      bank16       10008
__Hbank17                                      bank17       10008
__Hbank18                                      bank18       10008
__Hbank19                                      bank19       10008
__Hbank2                                       bank2        10008
__Hbank20                                      bank20       10008
__Hbank21                                      bank21       10008
__Hbank22                                      bank22       10008
__Hbank23                                      bank23       10008
__Hbank24                                      bank24       10008
__Hbank25                                      bank25       10008
__Hbank26                                      bank26       10008
__Hbank27                                      bank27       10008
__Hbank28                                      bank28       10008
__Hbank29                                      bank29       10008
__Hbank3                                       bank3        10008
__Hbank30                                      bank30       10008
__Hbank31                                      bank31       10008
__Hbank4                                       bank4        10008
__Hbank5                                       bank5        10008
__Hbank6                                       bank6        10008
__Hbank7                                       bank7        10008
__Hbank8                                       bank8        10008
__Hbank9                                       bank9        10008
__Hbigram                                      bigram       10008
__HbssBANK0                                    bssBANK0     10008
__HbssCOMMON                                   bssCOMMON    10008
__Hcinit                                       cinit        00039
__Hclrtext                                     clrtext      10008
__Hcode                                        code         10008
__Hcommon                                      common       10008
__Hconfig                                      config       08009
__HcstackBANK0                                 cstackBANK0  10008
__HcstackCOMMON                                cstackCOMMON 10008
__HdataBANK0                                   dataBANK0    10008
__HdataBANK1                                   dataBANK1    10008
__Heeprom_data                                 eeprom_data  08004
__Hend_init                                    end_init     00018
__Hfunctab                                     functab      00000
__HidataBANK0                                  idataBANK0   10008
__HidataBANK1                                  idataBANK1   10008
__Hidloc                                       idloc        08004
__Hinit                                        init         00017
__Hinittext                                    inittext     10008
__Hintentry                                    intentry     00017
__Hmaintext                                    maintext     10008
__HnvBANK0                                     nvBANK0      10008
__Hpowerup                                     powerup      00000
__Hram                                         ram          10008
__Hreset_vec                                   reset_vec    00001
__Hsfr0                                        sfr0         10008
__Hsfr1                                        sfr1         10008
__Hsfr10                                       sfr10        10008
__Hsfr11                                       sfr11        10008
__Hsfr12                                       sfr12        10008
__Hsfr13                                       sfr13        10008
__Hsfr14                                       sfr14        10008
__Hsfr15                                       sfr15        10008
__Hsfr16                                       sfr16        10008
__Hsfr17                                       sfr17        10008
__Hsfr18                                       sfr18        10008
__Hsfr19                                       sfr19        10008
__Hsfr2                                        sfr2         10008
__Hsfr20                                       sfr20        10008
__Hsfr21                                       sfr21        10008
__Hsfr22                                       sfr22        10008
__Hsfr23                                       sfr23        10008
__Hsfr24                                       sfr24        10008
__Hsfr25                                       sfr25        10008
__Hsfr26                                       sfr26        10008
__Hsfr27                                       sfr27        10008
__Hsfr28                                       sfr28        10008
__Hsfr29                                       sfr29        10008
__Hsfr3                                        sfr3         10008
__Hsfr30                                       sfr30        10008
__Hsfr31                                       sfr31        10008
__Hsfr4                                        sfr4         10008
__Hsfr5                                        sfr5         10008
__Hsfr6                                        sfr6         10008
__Hsfr7                                        sfr7         10008
__Hsfr8                                        sfr8         10008
__Hsfr9                                        sfr9         10008
__Hspace_0                                     (abs)        10008
__Hspace_1                                     (abs)        10008
__Hspace_2                                     (abs)        00000
__Hspace_3                                     (abs)        08004
__Hstack                                       stack        00000
__Hstrings                                     strings      10008
__Htext                                        text         10008
__Labs1                                        abs1         10008
__Lbank0                                       bank0        10008
__Lbank1                                       bank1        10008
__Lbank10                                      bank10       10008
__Lbank11                                      bank11       10008
__Lbank12                                      bank12       10008
__Lbank13                                      bank13       10008
__Lbank14                                      bank14       10008
__Lbank15                                      bank15       10008
__Lbank16                                      bank16       10008
__Lbank17                                      bank17       10008
__Lbank18                                      bank18       10008
__Lbank19                                      bank19       10008
__Lbank2                                       bank2        10008
__Lbank20                                      bank20       10008
__Lbank21                                      bank21       10008
__Lbank22                                      bank22       10008
__Lbank23                                      bank23       10008
__Lbank24                                      bank24       10008
__Lbank25                                      bank25       10008
__Lbank26                                      bank26       10008
__Lbank27                                      bank27       10008
__Lbank28                                      bank28       10008
__Lbank29                                      bank29       10008
__Lbank3                                       bank3        10008
__Lbank30                                      bank30       10008
__Lbank31                                      bank31       10008
__Lbank4                                       bank4        10008
__Lbank5                                       bank5        10008
__Lbank6                                       bank6        10008
__Lbank7                                       bank7        10008
__Lbank8                                       bank8        10008
__Lbank9                                       bank9        10008
__Lbigram                                      bigram       10008
__LbssBANK0                                    bssBANK0     10008
__LbssCOMMON                                   bssCOMMON    10008
__Lcinit                                       cinit        00018
__Lclrtext                                     clrtext      10008
__Lcode                                        code         10008
__Lcommon                                      common       10008
__Lconfig                                      config       08007
__LcstackBANK0                                 cstackBANK0  10008
__LcstackCOMMON                                cstackCOMMON 10008
__LdataBANK0                                   dataBANK0    10008
__LdataBANK1                                   dataBANK1    10008
__Leeprom_data                                 eeprom_data  08004
__Lend_init                                    end_init     00017
__Lfunctab                                     functab      00000
__LidataBANK0                                  idataBANK0   10008
__LidataBANK1                                  idataBANK1   10008
__Lidloc                                       idloc        08000
__Linit                                        init         00017
__Linittext                                    inittext     10008
__Lintentry                                    intentry     00004
__Lmaintext                                    maintext     10008
__LnvBANK0                                     nvBANK0      10008
__Lpowerup                                     powerup      00000
__Lram                                         ram          10008
__Lreset_vec                                   reset_vec    00000
__Lsfr0                                        sfr0         10008
__Lsfr1                                        sfr1         10008
__Lsfr10                                       sfr10        10008
__Lsfr11                                       sfr11        10008
__Lsfr12                                       sfr12        10008
__Lsfr13                                       sfr13        10008
__Lsfr14                                       sfr14        10008
__Lsfr15                                       sfr15        10008
__Lsfr16                                       sfr16        10008
__Lsfr17                                       sfr17        10008
__Lsfr18                                       sfr18        10008
__Lsfr19                                       sfr19        10008
__Lsfr2                                        sfr2         10008
__Lsfr20                                       sfr20        10008
__Lsfr21                                       sfr21        10008
__Lsfr22                                       sfr22        10008
__Lsfr23                                       sfr23        10008
__Lsfr24                                       sfr24        10008
__Lsfr25                                       sfr25        10008
__Lsfr26                                       sfr26        10008
__Lsfr27                                       sfr27        10008
__Lsfr28                                       sfr28        10008
__Lsfr29                                       sfr29        10008
__Lsfr3                                        sfr3         10008
__Lsfr30                                       sfr30        10008
__Lsfr31                                       sfr31        10008
__Lsfr4                                        sfr4         10008
__Lsfr5                                        sfr5         10008
__Lsfr6                                        sfr6         10008
__Lsfr7                                        sfr7         10008
__Lsfr8                                        sfr8         10008
__Lsfr9                                        sfr9         10008
__Lspace_0                                     (abs)        00000
__Lspace_1                                     (abs)        00000
__Lspace_2                                     (abs)        00000
__Lspace_3                                     (abs)        00000
__Lstack                                       stack        00000
__Lstrings                                     strings      10008
__Ltext                                        text         10008
__S0                                           (abs)        08009
__S1                                           (abs)        000B0
__S2                                           (abs)        00000
___int_sp                                      stack        00000
___latbits                                     (abs)        00000
___lwdiv                                       text13       00517
___lwdiv@counter                               cstackBANK0  0005D
___lwdiv@dividend                              cstackBANK0  00058
___lwdiv@divisor                               cstackBANK0  00056
___lwdiv@quotient                              cstackBANK0  0005B
___sp                                          stack        00000
___wmul                                        text12       00570
___wmul@multiplicand                           cstackBANK0  00054
___wmul@multiplier                             cstackBANK0  00052
___wmul@product                                cstackCOMMON 00074
__end_of_CheckForButtonPushes                  text17       00453
__end_of_INTERRUPT_InterruptManager            intentry     00017
__end_of_IOCAF2_DefaultInterruptHandler        text30       00664
__end_of_IOCAF2_ISR                            text29       005C5
__end_of_IOCAF2_SetInterruptHandler            text8        0064B
__end_of_IOCAF3_DefaultInterruptHandler        text28       00663
__end_of_IOCAF3_ISR                            text27       005B8
__end_of_IOCAF3_SetInterruptHandler            text7        00645
__end_of_LeftButtonPressed                     text21       00618
__end_of_LeftButtonPressedRaw                  text20       0062D
__end_of_OSCILLATOR_Initialize                 text9        0061F
__end_of_PIN_MANAGER_IOC                       text26       005F8
__end_of_PIN_MANAGER_Initialize                text6        00570
__end_of_RightButtonPressed                    text19       00610
__end_of_RightButtonPressedRaw                 text18       00626
__end_of_RunGame                               text14       001C6
__end_of_RunLeftFlash                          text11       0038E
__end_of_RunRightFlash                         text10       002AA
__end_of_SYSTEM_Initialize                     text3        0065B
__end_of_SetAllLEDsOff                         text2        00662
__end_of_SetLEDOff                             text16       00608
__end_of_SetLEDOn                              text15       00600
__end_of_TMR0_CallBack                         text24       005E6
__end_of_TMR0_Callback                         text25       004B6
__end_of_TMR0_ISR                              text23       00651
__end_of_TMR0_Initialize                       text5        005AB
__end_of_TMR0_SetInterruptHandler              text1        0063F
__end_of_WDT_Initialize                        text4        0065F
__end_of___lwdiv                               text13       0054C
__end_of___wmul                                text12       0058C
__end_of__initialization                       cinit        00036
__end_of_main                                  maintext     00517
__initialization                               cinit        00018
__pbssBANK0                                    bssBANK0     00020
__pbssCOMMON                                   bssCOMMON    00076
__pcstackBANK0                                 cstackBANK0  00052
__pcstackCOMMON                                cstackCOMMON 00070
__pdataBANK0                                   dataBANK0    00069
__pdataBANK1                                   dataBANK1    000A0
__pidataBANK0                                  idataBANK0   00651
__pidataBANK1                                  idataBANK1   0058C
__pintentry                                    intentry     00004
__pmaintext                                    maintext     004B6
__pnvBANK0                                     nvBANK0      00062
__pswtext1                                     swtext1      005C5
__pswtext2                                     swtext2      005D0
__pswtext3                                     swtext3      005E6
__ptext1                                       text1        00639
__ptext10                                      text10       001C6
__ptext11                                      text11       002AA
__ptext12                                      text12       00570
__ptext13                                      text13       00517
__ptext14                                      text14       00039
__ptext15                                      text15       005F8
__ptext16                                      text16       00600
__ptext17                                      text17       0038E
__ptext18                                      text18       0061F
__ptext19                                      text19       00608
__ptext2                                       text2        0065F
__ptext20                                      text20       00626
__ptext21                                      text21       00610
__ptext23                                      text23       0064B
__ptext24                                      text24       005DB
__ptext25                                      text25       00453
__ptext26                                      text26       005EF
__ptext27                                      text27       005AB
__ptext28                                      text28       00662
__ptext29                                      text29       005B8
__ptext3                                       text3        00656
__ptext30                                      text30       00663
__ptext4                                       text4        0065B
__ptext5                                       text5        0059C
__ptext6                                       text6        0054C
__ptext7                                       text7        0063F
__ptext8                                       text8        00645
__ptext9                                       text9        00618
__size_of_CheckForButtonPushes                 (abs)        00000
__size_of_INTERRUPT_InterruptManager           (abs)        00000
__size_of_IOCAF2_DefaultInterruptHandler       (abs)        00000
__size_of_IOCAF2_ISR                           (abs)        00000
__size_of_IOCAF2_SetInterruptHandler           (abs)        00000
__size_of_IOCAF3_DefaultInterruptHandler       (abs)        00000
__size_of_IOCAF3_ISR                           (abs)        00000
__size_of_IOCAF3_SetInterruptHandler           (abs)        00000
__size_of_LeftButtonPressed                    (abs)        00000
__size_of_LeftButtonPressedRaw                 (abs)        00000
__size_of_OSCILLATOR_Initialize                (abs)        00000
__size_of_PIN_MANAGER_IOC                      (abs)        00000
__size_of_PIN_MANAGER_Initialize               (abs)        00000
__size_of_RightButtonPressed                   (abs)        00000
__size_of_RightButtonPressedRaw                (abs)        00000
__size_of_RunGame                              (abs)        00000
__size_of_RunLeftFlash                         (abs)        00000
__size_of_RunRightFlash                        (abs)        00000
__size_of_SYSTEM_Initialize                    (abs)        00000
__size_of_SetAllLEDsOff                        (abs)        00000
__size_of_SetLEDOff                            (abs)        00000
__size_of_SetLEDOn                             (abs)        00000
__size_of_TMR0_CallBack                        (abs)        00000
__size_of_TMR0_Callback                        (abs)        00000
__size_of_TMR0_ISR                             (abs)        00000
__size_of_TMR0_Initialize                      (abs)        00000
__size_of_TMR0_SetInterruptHandler             (abs)        00000
__size_of_WDT_Initialize                       (abs)        00000
__size_of___lwdiv                              (abs)        00000
__size_of___wmul                               (abs)        00000
__size_of_main                                 (abs)        00000
_main                                          maintext     004B6
_timer0ReloadVal                               nvBANK0      00068
btemp                                          (abs)        0007E
clear_ram0                                     clrtext      00633
end_of_initialization                          cinit        00036
init_ram                                       inittext     0062D
int$flags                                      (abs)        0007E
intlevel0                                      functab      00000
intlevel1                                      functab      00000
intlevel2                                      functab      00000
intlevel3                                      functab      00000
intlevel4                                      functab      00000
intlevel5                                      functab      00000
main@APatternIsRunning                         cstackBANK0  00060
main@i                                         cstackBANK0  00061
reset_vec                                      reset_vec    00000
stackhi                                        (abs)        020EF
stacklo                                        (abs)        02060
start                                          init         00017
start_initialization                           cinit        00018
wtemp0                                         (abs)        0007E


FUNCTION INFORMATION:

 *************** function _main *****************
 Defined at:
		line 879 in file "main.c"
 Parameters:    Size  Location     Type
		None
 Auto vars:     Size  Location     Type
  i               1   15[BANK0 ] unsigned char 
  APatternIsRu    1   14[BANK0 ] unsigned char 
 Return value:  Size  Location     Type
                  1    wreg      void 
 Registers used:
		wreg, fsr0l, fsr0h, fsr1l, fsr1h, status,2, status,0, pclath, cstack
 Tracked objects:
		On entry : 
		On exit  : 
		Unchanged: 
 Data sizes:     COMMON   BANK0   BANK1   BANK2
      Params:         0       0       0       0
      Locals:         0       2       0       0
      Temps:          0       1       0       0
      Totals:         0       3       0       0
Total ram usage:        3 bytes
 Hardware stack levels required when called:    7
 This function calls:
		_CheckForButtonPushes
		_RunGame
		_RunLeftFlash
		_RunRightFlash
		_SYSTEM_Initialize
		_SetAllLEDsOff
		_TMR0_SetInterruptHandler
 This function is called by:
		Startup code after reset
 This function uses a non-reentrant model


 *************** function _TMR0_SetInterruptHandler *****************
 Defined at:
		line 133 in file "mcc_generated_files/tmr0.c"
 Parameters:    Size  Location     Type
  InterruptHan    2    4[COMMON] PTR FTN()void 
		 -> TMR0_Callback(1), 
 Auto vars:     Size  Location     Type
		None
 Return value:  Size  Location     Type
                  1    wreg      void 
 Registers used:
		wreg
 Tracked objects:
		On entry : 
		On exit  : 
		Unchanged: 
 Data sizes:     COMMON   BANK0   BANK1   BANK2
      Params:         2       0       0       0
      Locals:         0       0       0       0
      Temps:          0       0       0       0
      Totals:         2       0       0       0
Total ram usage:        2 bytes
 Hardware stack levels used:    1
 Hardware stack levels required when called:    4
 This function calls:
		Nothing
 This function is called by:
		_main
 This function uses a non-reentrant model


 *************** function _SetAllLEDsOff *****************
 Defined at:
		line 212 in file "main.c"
 Parameters:    Size  Location     Type
		None
 Auto vars:     Size  Location     Type
		None
 Return value:  Size  Location     Type
                  1    wreg      void 
 Registers used:
		status,2
 Tracked objects:
		On entry : 
		On exit  : 
		Unchanged: 
 Data sizes:     COMMON   BANK0   BANK1   BANK2
      Params:         0       0       0       0
      Locals:         0       0       0       0
      Temps:          0       0       0       0
      Totals:         0       0       0       0
Total ram usage:        0 bytes
 Hardware stack levels used:    1
 Hardware stack levels required when called:    4
 This function calls:
		Nothing
 This function is called by:
		_main
 This function uses a non-reentrant model


 *************** function _SYSTEM_Initialize *****************
 Defined at:
		line 68 in file "mcc_generated_files/mcc.c"
 Parameters:    Size  Location     Type
		None
 Auto vars:     Size  Location     Type
		None
 Return value:  Size  Location     Type
                  1    wreg      void 
 Registers used:
		wreg, status,2, status,0, pclath, cstack
 Tracked objects:
		On entry : 
		On exit  : 
		Unchanged: 
 Data sizes:     COMMON   BANK0   BANK1   BANK2
      Params:         0       0       0       0
      Locals:         0       0       0       0
      Temps:          0       0       0       0
      Totals:         0       0       0       0
Total ram usage:        0 bytes
 Hardware stack levels used:    1
 Hardware stack levels required when called:    6
 This function calls:
		_OSCILLATOR_Initialize
		_PIN_MANAGER_Initialize
		_TMR0_Initialize
		_WDT_Initialize
 This function is called by:
		_main
 This function uses a non-reentrant model


 *************** function _WDT_Initialize *****************
 Defined at:
		line 87 in file "mcc_generated_files/mcc.c"
 Parameters:    Size  Location     Type
		None
 Auto vars:     Size  Location     Type
		None
 Return value:  Size  Location     Type
                  1    wreg      void 
 Registers used:
		wreg
 Tracked objects:
		On entry : 
		On exit  : 
		Unchanged: 
 Data sizes:     COMMON   BANK0   BANK1   BANK2
      Params:         0       0       0       0
      Locals:         0       0       0       0
      Temps:          0       0       0       0
      Totals:         0       0       0       0
Total ram usage:        0 bytes
 Hardware stack levels used:    1
 Hardware stack levels required when called:    4
 This function calls:
		Nothing
 This function is called by:
		_SYSTEM_Initialize
 This function uses a non-reentrant model


 *************** function _TMR0_Initialize *****************
 Defined at:
		line 65 in file "mcc_generated_files/tmr0.c"
 Parameters:    Size  Location     Type
		None
 Auto vars:     Size  Location     Type
		None
 Return value:  Size  Location     Type
                  1    wreg      void 
 Registers used:
		wreg, status,2
 Tracked objects:
		On entry : 
		On exit  : 
		Unchanged: 
 Data sizes:     COMMON   BANK0   BANK1   BANK2
      Params:         0       0       0       0
      Locals:         0       0       0       0
      Temps:          1       0       0       0
      Totals:         1       0       0       0
Total ram usage:        1 bytes
 Hardware stack levels used:    1
 Hardware stack levels required when called:    4
 This function calls:
		Nothing
 This function is called by:
		_SYSTEM_Initialize
 This function uses a non-reentrant model


 *************** function _PIN_MANAGER_Initialize *****************
 Defined at:
		line 55 in file "mcc_generated_files/pin_manager.c"
 Parameters:    Size  Location     Type
		None
 Auto vars:     Size  Location     Type
		None
 Return value:  Size  Location     Type
                  1    wreg      void 
 Registers used:
		wreg, status,2, status,0, pclath, cstack
 Tracked objects:
		On entry : 
		On exit  : 
		Unchanged: 
 Data sizes:     COMMON   BANK0   BANK1   BANK2
      Params:         0       0       0       0
      Locals:         0       0       0       0
      Temps:          0       0       0       0
      Totals:         0       0       0       0
Total ram usage:        0 bytes
 Hardware stack levels used:    1
 Hardware stack levels required when called:    5
 This function calls:
		_IOCAF2_SetInterruptHandler
		_IOCAF3_SetInterruptHandler
 This function is called by:
		_SYSTEM_Initialize
 This function uses a non-reentrant model


 *************** function _IOCAF3_SetInterruptHandler *****************
 Defined at:
		line 175 in file "mcc_generated_files/pin_manager.c"
 Parameters:    Size  Location     Type
  InterruptHan    2    4[COMMON] PTR FTN()void 
		 -> IOCAF3_DefaultInterruptHandler(1), 
 Auto vars:     Size  Location     Type
		None
 Return value:  Size  Location     Type
                  1    wreg      void 
 Registers used:
		wreg
 Tracked objects:
		On entry : 
		On exit  : 
		Unchanged: 
 Data sizes:     COMMON   BANK0   BANK1   BANK2
      Params:         2       0       0       0
      Locals:         0       0       0       0
      Temps:          0       0       0       0
      Totals:         2       0       0       0
Total ram usage:        2 bytes
 Hardware stack levels used:    1
 Hardware stack levels required when called:    4
 This function calls:
		Nothing
 This function is called by:
		_PIN_MANAGER_Initialize
 This function uses a non-reentrant model


 *************** function _IOCAF2_SetInterruptHandler *****************
 Defined at:
		line 145 in file "mcc_generated_files/pin_manager.c"
 Parameters:    Size  Location     Type
  InterruptHan    2    4[COMMON] PTR FTN()void 
		 -> IOCAF2_DefaultInterruptHandler(1), 
 Auto vars:     Size  Location     Type
		None
 Return value:  Size  Location     Type
                  1    wreg      void 
 Registers used:
		wreg
 Tracked objects:
		On entry : 
		On exit  : 
		Unchanged: 
 Data sizes:     COMMON   BANK0   BANK1   BANK2
      Params:         2       0       0       0
      Locals:         0       0       0       0
      Temps:          0       0       0       0
      Totals:         2       0       0       0
Total ram usage:        2 bytes
 Hardware stack levels used:    1
 Hardware stack levels required when called:    4
 This function calls:
		Nothing
 This function is called by:
		_PIN_MANAGER_Initialize
 This function uses a non-reentrant model


 *************** function _OSCILLATOR_Initialize *****************
 Defined at:
		line 77 in file "mcc_generated_files/mcc.c"
 Parameters:    Size  Location     Type
		None
 Auto vars:     Size  Location     Type
		None
 Return value:  Size  Location     Type
                  1    wreg      void 
 Registers used:
		wreg, status,2
 Tracked objects:
		On entry : 
		On exit  : 
		Unchanged: 
 Data sizes:     COMMON   BANK0   BANK1   BANK2
      Params:         0       0       0       0
      Locals:         0       0       0       0
      Temps:          0       0       0       0
      Totals:         0       0       0       0
Total ram usage:        0 bytes
 Hardware stack levels used:    1
 Hardware stack levels required when called:    4
 This function calls:
		Nothing
 This function is called by:
		_SYSTEM_Initialize
 This function uses a non-reentrant model


 *************** function _RunRightFlash *****************
 Defined at:
		line 303 in file "main.c"
 Parameters:    Size  Location     Type
		None
 Auto vars:     Size  Location     Type
		None
 Return value:  Size  Location     Type
                  1    wreg      void 
 Registers used:
		wreg, fsr0l, fsr0h, status,2, status,0, pclath, cstack
 Tracked objects:
		On entry : 
		On exit  : 
		Unchanged: 
 Data sizes:     COMMON   BANK0   BANK1   BANK2
      Params:         0       0       0       0
      Locals:         0       0       0       0
      Temps:          0       1       0       0
      Totals:         0       1       0       0
Total ram usage:        1 bytes
 Hardware stack levels used:    1
 Hardware stack levels required when called:    5
 This function calls:
		_RightButtonPressed
		_SetLEDOff
		_SetLEDOn
		___lwdiv
		___wmul
 This function is called by:
		_main
 This function uses a non-reentrant model


 *************** function _RunLeftFlash *****************
 Defined at:
		line 451 in file "main.c"
 Parameters:    Size  Location     Type
		None
 Auto vars:     Size  Location     Type
		None
 Return value:  Size  Location     Type
                  1    wreg      void 
 Registers used:
		wreg, fsr0l, fsr0h, status,2, status,0, pclath, cstack
 Tracked objects:
		On entry : 
		On exit  : 
		Unchanged: 
 Data sizes:     COMMON   BANK0   BANK1   BANK2
      Params:         0       0       0       0
      Locals:         0       0       0       0
      Temps:          0       1       0       0
      Totals:         0       1       0       0
Total ram usage:        1 bytes
 Hardware stack levels used:    1
 Hardware stack levels required when called:    5
 This function calls:
		_LeftButtonPressed
		_SetLEDOff
		_SetLEDOn
		___lwdiv
		___wmul
 This function is called by:
		_main
 This function uses a non-reentrant model


 *************** function ___wmul *****************
 Defined at:
		line 15 in file "C:\Program Files (x86)\Microchip\xc8\v1.45\sources\common\Umul16.c"
 Parameters:    Size  Location     Type
  multiplier      2    0[BANK0 ] unsigned int 
  multiplicand    2    2[BANK0 ] unsigned int 
 Auto vars:     Size  Location     Type
  product         2    4[COMMON] unsigned int 
 Return value:  Size  Location     Type
                  2    0[BANK0 ] unsigned int 
 Registers used:
		wreg, status,2, status,0
 Tracked objects:
		On entry : 
		On exit  : 
		Unchanged: 
 Data sizes:     COMMON   BANK0   BANK1   BANK2
      Params:         0       4       0       0
      Locals:         2       0       0       0
      Temps:          0       0       0       0
      Totals:         2       4       0       0
Total ram usage:        6 bytes
 Hardware stack levels used:    1
 Hardware stack levels required when called:    4
 This function calls:
		Nothing
 This function is called by:
		_RunRightFlash
		_RunLeftFlash
 This function uses a non-reentrant model


 *************** function ___lwdiv *****************
 Defined at:
		line 6 in file "C:\Program Files (x86)\Microchip\xc8\v1.45\sources\common\lwdiv.c"
 Parameters:    Size  Location     Type
  divisor         2    4[BANK0 ] unsigned int 
  dividend        2    6[BANK0 ] unsigned int 
 Auto vars:     Size  Location     Type
  quotient        2    9[BANK0 ] unsigned int 
  counter         1   11[BANK0 ] unsigned char 
 Return value:  Size  Location     Type
                  2    4[BANK0 ] unsigned int 
 Registers used:
		wreg, status,2, status,0
 Tracked objects:
		On entry : 
		On exit  : 
		Unchanged: 
 Data sizes:     COMMON   BANK0   BANK1   BANK2
      Params:         0       4       0       0
      Locals:         0       3       0       0
      Temps:          0       1       0       0
      Totals:         0       8       0       0
Total ram usage:        8 bytes
 Hardware stack levels used:    1
 Hardware stack levels required when called:    4
 This function calls:
		Nothing
 This function is called by:
		_RunRightFlash
		_RunLeftFlash
 This function uses a non-reentrant model


 *************** function _RunGame *****************
 Defined at:
		line 585 in file "main.c"
 Parameters:    Size  Location     Type
		None
 Auto vars:     Size  Location     Type
		None
 Return value:  Size  Location     Type
                  1    wreg      void 
 Registers used:
		wreg, fsr0l, fsr0h, status,2, status,0, pclath, cstack
 Tracked objects:
		On entry : 
		On exit  : 
		Unchanged: 
 Data sizes:     COMMON   BANK0   BANK1   BANK2
      Params:         0       0       0       0
      Locals:         0       0       0       0
      Temps:          0       4       0       0
      Totals:         0       4       0       0
Total ram usage:        4 bytes
 Hardware stack levels used:    1
 Hardware stack levels required when called:    5
 This function calls:
		_SetLEDOff
		_SetLEDOn
 This function is called by:
		_main
 This function uses a non-reentrant model


 *************** function _SetLEDOn *****************
 Defined at:
		line 202 in file "main.c"
 Parameters:    Size  Location     Type
  LED             1    wreg     unsigned char 
 Auto vars:     Size  Location     Type
  LED             1    5[COMMON] unsigned char 
 Return value:  Size  Location     Type
                  1    wreg      void 
 Registers used:
		wreg, status,2, status,0
 Tracked objects:
		On entry : 
		On exit  : 
		Unchanged: 
 Data sizes:     COMMON   BANK0   BANK1   BANK2
      Params:         0       0       0       0
      Locals:         1       0       0       0
      Temps:          1       0       0       0
      Totals:         2       0       0       0
Total ram usage:        2 bytes
 Hardware stack levels used:    1
 Hardware stack levels required when called:    4
 This function calls:
		Nothing
 This function is called by:
		_RunRightFlash
		_RunLeftFlash
		_RunGame
 This function uses a non-reentrant model


 *************** function _SetLEDOff *****************
 Defined at:
		line 207 in file "main.c"
 Parameters:    Size  Location     Type
  LED             1    wreg     unsigned char 
 Auto vars:     Size  Location     Type
  LED             1    5[COMMON] unsigned char 
 Return value:  Size  Location     Type
                  1    wreg      void 
 Registers used:
		wreg, status,2, status,0
 Tracked objects:
		On entry : 
		On exit  : 
		Unchanged: 
 Data sizes:     COMMON   BANK0   BANK1   BANK2
      Params:         0       0       0       0
      Locals:         1       0       0       0
      Temps:          1       0       0       0
      Totals:         2       0       0       0
Total ram usage:        2 bytes
 Hardware stack levels used:    1
 Hardware stack levels required when called:    4
 This function calls:
		Nothing
 This function is called by:
		_RunRightFlash
		_RunLeftFlash
		_RunGame
 This function uses a non-reentrant model


 *************** function _CheckForButtonPushes *****************
 Defined at:
		line 743 in file "main.c"
 Parameters:    Size  Location     Type
		None
 Auto vars:     Size  Location     Type
		None
 Return value:  Size  Location     Type
                  1    wreg      unsigned char 
 Registers used:
		wreg, status,2, status,0, pclath, cstack
 Tracked objects:
		On entry : 
		On exit  : 
		Unchanged: 
 Data sizes:     COMMON   BANK0   BANK1   BANK2
      Params:         0       0       0       0
      Locals:         1       0       0       0
      Temps:          0       4       0       0
      Totals:         1       4       0       0
Total ram usage:        5 bytes
 Hardware stack levels used:    1
 Hardware stack levels required when called:    5
 This function calls:
		_LeftButtonPressed
		_LeftButtonPressedRaw
		_RightButtonPressed
		_RightButtonPressedRaw
 This function is called by:
		_main
 This function uses a non-reentrant model


 *************** function _RightButtonPressedRaw *****************
 Defined at:
		line 280 in file "main.c"
 Parameters:    Size  Location     Type
		None
 Auto vars:     Size  Location     Type
		None
 Return value:  Size  Location     Type
                  1    wreg      unsigned char 
 Registers used:
		wreg, status,0
 Tracked objects:
		On entry : 
		On exit  : 
		Unchanged: 
 Data sizes:     COMMON   BANK0   BANK1   BANK2
      Params:         0       0       0       0
      Locals:         0       0       0       0
      Temps:          0       0       0       0
      Totals:         0       0       0       0
Total ram usage:        0 bytes
 Hardware stack levels used:    1
 Hardware stack levels required when called:    4
 This function calls:
		Nothing
 This function is called by:
		_CheckForButtonPushes
 This function uses a non-reentrant model


 *************** function _RightButtonPressed *****************
 Defined at:
		line 292 in file "main.c"
 Parameters:    Size  Location     Type
		None
 Auto vars:     Size  Location     Type
		None
 Return value:  Size  Location     Type
                  1    wreg      unsigned char 
 Registers used:
		wreg, status,2, status,0
 Tracked objects:
		On entry : 
		On exit  : 
		Unchanged: 
 Data sizes:     COMMON   BANK0   BANK1   BANK2
      Params:         0       0       0       0
      Locals:         0       0       0       0
      Temps:          0       0       0       0
      Totals:         0       0       0       0
Total ram usage:        0 bytes
 Hardware stack levels used:    1
 Hardware stack levels required when called:    4
 This function calls:
		Nothing
 This function is called by:
		_RunRightFlash
		_CheckForButtonPushes
 This function uses a non-reentrant model


 *************** function _LeftButtonPressedRaw *****************
 Defined at:
		line 286 in file "main.c"
 Parameters:    Size  Location     Type
		None
 Auto vars:     Size  Location     Type
		None
 Return value:  Size  Location     Type
                  1    wreg      unsigned char 
 Registers used:
		wreg, status,0
 Tracked objects:
		On entry : 
		On exit  : 
		Unchanged: 
 Data sizes:     COMMON   BANK0   BANK1   BANK2
      Params:         0       0       0       0
      Locals:         0       0       0       0
      Temps:          0       0       0       0
      Totals:         0       0       0       0
Total ram usage:        0 bytes
 Hardware stack levels used:    1
 Hardware stack levels required when called:    4
 This function calls:
		Nothing
 This function is called by:
		_CheckForButtonPushes
 This function uses a non-reentrant model


 *************** function _LeftButtonPressed *****************
 Defined at:
		line 298 in file "main.c"
 Parameters:    Size  Location     Type
		None
 Auto vars:     Size  Location     Type
		None
 Return value:  Size  Location     Type
                  1    wreg      unsigned char 
 Registers used:
		wreg, status,2, status,0
 Tracked objects:
		On entry : 
		On exit  : 
		Unchanged: 
 Data sizes:     COMMON   BANK0   BANK1   BANK2
      Params:         0       0       0       0
      Locals:         0       0       0       0
      Temps:          0       0       0       0
      Totals:         0       0       0       0
Total ram usage:        0 bytes
 Hardware stack levels used:    1
 Hardware stack levels required when called:    4
 This function calls:
		Nothing
 This function is called by:
		_RunLeftFlash
		_CheckForButtonPushes
 This function uses a non-reentrant model


 *************** function _INTERRUPT_InterruptManager *****************
 Defined at:
		line 51 in file "mcc_generated_files/interrupt_manager.c"
 Parameters:    Size  Location     Type
		None
 Auto vars:     Size  Location     Type
		None
 Return value:  Size  Location     Type
                  1    wreg      void 
 Registers used:
		wreg, fsr1l, fsr1h, status,2, status,0, pclath, cstack
 Tracked objects:
		On entry : 
		On exit  : 
		Unchanged: 
 Data sizes:     COMMON   BANK0   BANK1   BANK2
      Params:         0       0       0       0
      Locals:         0       0       0       0
      Temps:          1       0       0       0
      Totals:         1       0       0       0
Total ram usage:        1 bytes
 Hardware stack levels used:    1
 Hardware stack levels required when called:    3
 This function calls:
		_PIN_MANAGER_IOC
		_TMR0_ISR
 This function is called by:
		Interrupt level 1
 This function uses a non-reentrant model


 *************** function _TMR0_ISR *****************
 Defined at:
		line 108 in file "mcc_generated_files/tmr0.c"
 Parameters:    Size  Location     Type
		None
 Auto vars:     Size  Location     Type
		None
 Return value:  Size  Location     Type
                  1    wreg      void 
 Registers used:
		wreg, fsr1l, fsr1h, status,2, status,0, pclath, cstack
 Tracked objects:
		On entry : 
		On exit  : 
		Unchanged: 
 Data sizes:     COMMON   BANK0   BANK1   BANK2
      Params:         0       0       0       0
      Locals:         0       0       0       0
      Temps:          0       0       0       0
      Totals:         0       0       0       0
Total ram usage:        0 bytes
 Hardware stack levels used:    1
 Hardware stack levels required when called:    2
 This function calls:
		_TMR0_CallBack
 This function is called by:
		_INTERRUPT_InterruptManager
 This function uses a non-reentrant model


 *************** function _TMR0_CallBack *****************
 Defined at:
		line 123 in file "mcc_generated_files/tmr0.c"
 Parameters:    Size  Location     Type
		None
 Auto vars:     Size  Location     Type
		None
 Return value:  Size  Location     Type
                  1    wreg      void 
 Registers used:
		wreg, fsr1l, fsr1h, status,2, status,0, pclath, cstack
 Tracked objects:
		On entry : 
		On exit  : 
		Unchanged: 
 Data sizes:     COMMON   BANK0   BANK1   BANK2
      Params:         0       0       0       0
      Locals:         0       0       0       0
      Temps:          0       0       0       0
      Totals:         0       0       0       0
Total ram usage:        0 bytes
 Hardware stack levels used:    1
 Hardware stack levels required when called:    1
 This function calls:
		Absolute function
		_TMR0_Callback
 This function is called by:
		_TMR0_ISR
 This function uses a non-reentrant model


 *************** function _TMR0_Callback *****************
 Defined at:
		line 221 in file "main.c"
 Parameters:    Size  Location     Type
		None
 Auto vars:     Size  Location     Type
  i               1    2[COMMON] unsigned char 
 Return value:  Size  Location     Type
                  1    wreg      void 
 Registers used:
		wreg, fsr1l, fsr1h, status,2, status,0
 Tracked objects:
		On entry : 
		On exit  : 
		Unchanged: 
 Data sizes:     COMMON   BANK0   BANK1   BANK2
      Params:         0       0       0       0
      Locals:         1       0       0       0
      Temps:          2       0       0       0
      Totals:         3       0       0       0
Total ram usage:        3 bytes
 Hardware stack levels used:    1
 This function calls:
		Nothing
 This function is called by:
		_main
		_TMR0_CallBack
 This function uses a non-reentrant model


 *************** function _PIN_MANAGER_IOC *****************
 Defined at:
		line 110 in file "mcc_generated_files/pin_manager.c"
 Parameters:    Size  Location     Type
		None
 Auto vars:     Size  Location     Type
		None
 Return value:  Size  Location     Type
                  1    wreg      void 
 Registers used:
		wreg, status,2, status,0, pclath, cstack
 Tracked objects:
		On entry : 
		On exit  : 
		Unchanged: 
 Data sizes:     COMMON   BANK0   BANK1   BANK2
      Params:         0       0       0       0
      Locals:         0       0       0       0
      Temps:          0       0       0       0
      Totals:         0       0       0       0
Total ram usage:        0 bytes
 Hardware stack levels used:    1
 Hardware stack levels required when called:    2
 This function calls:
		_IOCAF2_ISR
		_IOCAF3_ISR
 This function is called by:
		_INTERRUPT_InterruptManager
 This function uses a non-reentrant model


 *************** function _IOCAF3_ISR *****************
 Defined at:
		line 160 in file "mcc_generated_files/pin_manager.c"
 Parameters:    Size  Location     Type
		None
 Auto vars:     Size  Location     Type
		None
 Return value:  Size  Location     Type
                  1    wreg      void 
 Registers used:
		wreg, status,2, status,0, pclath, cstack
 Tracked objects:
		On entry : 
		On exit  : 
		Unchanged: 
 Data sizes:     COMMON   BANK0   BANK1   BANK2
      Params:         0       0       0       0
      Locals:         0       0       0       0
      Temps:          0       0       0       0
      Totals:         0       0       0       0
Total ram usage:        0 bytes
 Hardware stack levels used:    1
 Hardware stack levels required when called:    1
 This function calls:
		Absolute function
		_IOCAF3_DefaultInterruptHandler
 This function is called by:
		_PIN_MANAGER_IOC
 This function uses a non-reentrant model


 *************** function _IOCAF3_DefaultInterruptHandler *****************
 Defined at:
		line 182 in file "mcc_generated_files/pin_manager.c"
 Parameters:    Size  Location     Type
		None
 Auto vars:     Size  Location     Type
		None
 Return value:  Size  Location     Type
                  1    wreg      void 
 Registers used:
		None
 Tracked objects:
		On entry : 
		On exit  : 
		Unchanged: 
 Data sizes:     COMMON   BANK0   BANK1   BANK2
      Params:         0       0       0       0
      Locals:         0       0       0       0
      Temps:          0       0       0       0
      Totals:         0       0       0       0
Total ram usage:        0 bytes
 Hardware stack levels used:    1
 This function calls:
		Nothing
 This function is called by:
		_PIN_MANAGER_Initialize
		_IOCAF3_ISR
 This function uses a non-reentrant model


 *************** function _IOCAF2_ISR *****************
 Defined at:
		line 130 in file "mcc_generated_files/pin_manager.c"
 Parameters:    Size  Location     Type
		None
 Auto vars:     Size  Location     Type
		None
 Return value:  Size  Location     Type
                  1    wreg      void 
 Registers used:
		wreg, status,2, status,0, pclath, cstack
 Tracked objects:
		On entry : 
		On exit  : 
		Unchanged: 
 Data sizes:     COMMON   BANK0   BANK1   BANK2
      Params:         0       0       0       0
      Locals:         0       0       0       0
      Temps:          0       0       0       0
      Totals:         0       0       0       0
Total ram usage:        0 bytes
 Hardware stack levels used:    1
 Hardware stack levels required when called:    1
 This function calls:
		Absolute function
		_IOCAF2_DefaultInterruptHandler
 This function is called by:
		_PIN_MANAGER_IOC
 This function uses a non-reentrant model


 *************** function _IOCAF2_DefaultInterruptHandler *****************
 Defined at:
		line 152 in file "mcc_generated_files/pin_manager.c"
 Parameters:    Size  Location     Type
		None
 Auto vars:     Size  Location     Type
		None
 Return value:  Size  Location     Type
                  1    wreg      void 
 Registers used:
		None
 Tracked objects:
		On entry : 
		On exit  : 
		Unchanged: 
 Data sizes:     COMMON   BANK0   BANK1   BANK2
      Params:         0       0       0       0
      Locals:         0       0       0       0
      Temps:          0       0       0       0
      Totals:         0       0       0       0
Total ram usage:        0 bytes
 Hardware stack levels used:    1
 This function calls:
		Nothing
 This function is called by:
		_PIN_MANAGER_Initialize
		_IOCAF2_ISR
 This function uses a non-reentrant model



MODULE INFORMATION

Module		Function		Class		Link	Load	Size
mcc_generated_files/interrupt_manager.c
		_INTERRUPT_InterruptManager		CODE           	0004	0000	20

mcc_generated_files/interrupt_manager.c estimated size: 20

C:\Program Files (x86)\Microchip\xc8\v1.45\sources\common\Umul16.c
		___wmul        		CODE           	0570	0000	29

C:\Program Files (x86)\Microchip\xc8\v1.45\sources\common\Umul16.c estimated size: 29

mcc_generated_files/tmr0.c
		_TMR0_SetInterruptHandler		CODE           	0639	0000	7
		_TMR0_CallBack 		CODE           	05DB	0000	12
		_TMR0_ISR      		CODE           	064B	0000	7
		_TMR0_Initialize		CODE           	059C	0000	16

mcc_generated_files/tmr0.c estimated size: 42

mcc_generated_files/pin_manager.c
		_PIN_MANAGER_Initialize		CODE           	054C	0000	37
		_IOCAF3_SetInterruptHandler		CODE           	063F	0000	7
		_IOCAF2_DefaultInterruptHandler		CODE           	0663	0000	2
		_IOCAF2_ISR    		CODE           	05B8	0000	14
		_PIN_MANAGER_IOC		CODE           	05EF	0000	10
		_IOCAF3_DefaultInterruptHandler		CODE           	0662	0000	2
		_IOCAF3_ISR    		CODE           	05AB	0000	14
		_IOCAF2_SetInterruptHandler		CODE           	0645	0000	7

mcc_generated_files/pin_manager.c estimated size: 93

shared
		__initialization		CODE           	0018	0000	31

shared estimated size: 31

mcc_generated_files/mcc.c
		_WDT_Initialize		CODE           	065B	0000	5
		_OSCILLATOR_Initialize		CODE           	0618	0000	8
		_SYSTEM_Initialize		CODE           	0656	0000	6

mcc_generated_files/mcc.c estimated size: 19

C:\Program Files (x86)\Microchip\xc8\v1.45\sources\common\lwdiv.c
		___lwdiv       		CODE           	0517	0000	54

C:\Program Files (x86)\Microchip\xc8\v1.45\sources\common\lwdiv.c estimated size: 54

main.c
		_LeftButtonPressed		CODE           	0610	0000	9
		_RunLeftFlash  		CODE           	02AA	0000	229
		_RightButtonPressed		CODE           	0608	0000	9
		_LeftButtonPressedRaw		CODE           	0626	0000	8
		_SetLEDOn      		CODE           	05F8	0000	9
		_SetLEDOff     		CODE           	0600	0000	9
		_main          		CODE           	04B6	0000	98
		_RunRightFlash 		CODE           	01C6	0000	229
		_RightButtonPressedRaw		CODE           	061F	0000	8
		_TMR0_Callback 		CODE           	0453	0000	100
		_CheckForButtonPushes		CODE           	038E	0000	198
		_SetAllLEDsOff 		CODE           	065F	0000	4
		_RunGame       		CODE           	0039	0000	398

main.c estimated size: 1308

